// Jest Snapshot v1, https://goo.gl/fbAQLP

exports[`NgReflectAsTextComponent snapshots 1`] = `
<app-ng-reflect-as-text>
  <p
    data-some-attr="ng-reflect-as-attr-arg works"
  >
     ng-reflect-as-text works!
  
  </p>
</app-ng-reflect-as-text>
`;
